{
  "Resources": {
    "HelloWorkflowsayHelloLambdaServiceRole2F450822": {
      "Type": "AWS::IAM::Role",
      "Properties": {
        "AssumeRolePolicyDocument": {
          "Statement": [
            {
              "Action": "sts:AssumeRole",
              "Effect": "Allow",
              "Principal": {
                "Service": "lambda.amazonaws.com"
              }
            }
          ],
          "Version": "2012-10-17"
        },
        "ManagedPolicyArns": [
          {
            "Fn::Join": [
              "",
              [
                "arn:",
                {
                  "Ref": "AWS::Partition"
                },
                ":iam::aws:policy/service-role/AWSLambdaBasicExecutionRole"
              ]
            ]
          }
        ]
      }
    },
    "HelloWorkflowsayHelloLambda131364A7": {
      "Type": "AWS::Lambda::Function",
      "Properties": {
        "Code": {
          "ZipFile": "return `Hello, ${name}`;"
        },
        "Handler": "index.handler",
        "Role": {
          "Fn::GetAtt": [
            "HelloWorkflowsayHelloLambdaServiceRole2F450822",
            "Arn"
          ]
        },
        "Runtime": "nodejs20.x"
      },
      "DependsOn": [
        "HelloWorkflowsayHelloLambdaServiceRole2F450822"
      ]
    },
    "HelloWorkflowsayGoodbyeLambdaServiceRole1B78FB93": {
      "Type": "AWS::IAM::Role",
      "Properties": {
        "AssumeRolePolicyDocument": {
          "Statement": [
            {
              "Action": "sts:AssumeRole",
              "Effect": "Allow",
              "Principal": {
                "Service": "lambda.amazonaws.com"
              }
            }
          ],
          "Version": "2012-10-17"
        },
        "ManagedPolicyArns": [
          {
            "Fn::Join": [
              "",
              [
                "arn:",
                {
                  "Ref": "AWS::Partition"
                },
                ":iam::aws:policy/service-role/AWSLambdaBasicExecutionRole"
              ]
            ]
          }
        ]
      }
    },
    "HelloWorkflowsayGoodbyeLambda0AB04863": {
      "Type": "AWS::Lambda::Function",
      "Properties": {
        "Code": {
          "ZipFile": "return `Goodbye, ${name}`;"
        },
        "Handler": "index.handler",
        "Role": {
          "Fn::GetAtt": [
            "HelloWorkflowsayGoodbyeLambdaServiceRole1B78FB93",
            "Arn"
          ]
        },
        "Runtime": "nodejs20.x"
      },
      "DependsOn": [
        "HelloWorkflowsayGoodbyeLambdaServiceRole1B78FB93"
      ]
    },
    "HelloWorkflowRoleA25ED20D": {
      "Type": "AWS::IAM::Role",
      "Properties": {
        "AssumeRolePolicyDocument": {
          "Statement": [
            {
              "Action": "sts:AssumeRole",
              "Effect": "Allow",
              "Principal": {
                "Service": "states.amazonaws.com"
              }
            }
          ],
          "Version": "2012-10-17"
        }
      }
    },
    "HelloWorkflowRoleDefaultPolicy386F5D69": {
      "Type": "AWS::IAM::Policy",
      "Properties": {
        "PolicyDocument": {
          "Statement": [
            {
              "Action": "lambda:InvokeFunction",
              "Effect": "Allow",
              "Resource": [
                {
                  "Fn::GetAtt": [
                    "HelloWorkflowsayHelloLambda131364A7",
                    "Arn"
                  ]
                },
                {
                  "Fn::Join": [
                    "",
                    [
                      {
                        "Fn::GetAtt": [
                          "HelloWorkflowsayHelloLambda131364A7",
                          "Arn"
                        ]
                      },
                      ":*"
                    ]
                  ]
                }
              ]
            },
            {
              "Action": "lambda:InvokeFunction",
              "Effect": "Allow",
              "Resource": [
                {
                  "Fn::GetAtt": [
                    "HelloWorkflowsayGoodbyeLambda0AB04863",
                    "Arn"
                  ]
                },
                {
                  "Fn::Join": [
                    "",
                    [
                      {
                        "Fn::GetAtt": [
                          "HelloWorkflowsayGoodbyeLambda0AB04863",
                          "Arn"
                        ]
                      },
                      ":*"
                    ]
                  ]
                }
              ]
            }
          ],
          "Version": "2012-10-17"
        },
        "PolicyName": "HelloWorkflowRoleDefaultPolicy386F5D69",
        "Roles": [
          {
            "Ref": "HelloWorkflowRoleA25ED20D"
          }
        ]
      }
    },
    "HelloWorkflowF5EFFB5B": {
      "Type": "AWS::StepFunctions::StateMachine",
      "Properties": {
        "DefinitionString": {
          "Fn::Join": [
            "",
            [
              "{\"StartAt\":\"sayHello\",\"States\":{\"sayHello\":{\"Next\":\"sayGoodbye\",\"Retry\":[{\"ErrorEquals\":[\"Lambda.ClientExecutionTimeoutException\",\"Lambda.ServiceException\",\"Lambda.AWSLambdaException\",\"Lambda.SdkClientException\"],\"IntervalSeconds\":2,\"MaxAttempts\":6,\"BackoffRate\":2}],\"Type\":\"Task\",\"InputPath\":\"$\",\"OutputPath\":\"$.Payload\",\"Resource\":\"arn:",
              {
                "Ref": "AWS::Partition"
              },
              ":states:::lambda:invoke\",\"Parameters\":{\"FunctionName\":\"",
              {
                "Fn::GetAtt": [
                  "HelloWorkflowsayHelloLambda131364A7",
                  "Arn"
                ]
              },
              "\",\"Payload.$\":\"$\"}},\"sayGoodbye\":{\"End\":true,\"Retry\":[{\"ErrorEquals\":[\"Lambda.ClientExecutionTimeoutException\",\"Lambda.ServiceException\",\"Lambda.AWSLambdaException\",\"Lambda.SdkClientException\"],\"IntervalSeconds\":2,\"MaxAttempts\":6,\"BackoffRate\":2}],\"Type\":\"Task\",\"InputPath\":\"$\",\"OutputPath\":\"$.Payload\",\"Resource\":\"arn:",
              {
                "Ref": "AWS::Partition"
              },
              ":states:::lambda:invoke\",\"Parameters\":{\"FunctionName\":\"",
              {
                "Fn::GetAtt": [
                  "HelloWorkflowsayGoodbyeLambda0AB04863",
                  "Arn"
                ]
              },
              "\",\"Payload.$\":\"$\"}}}}"
            ]
          ]
        },
        "RoleArn": {
          "Fn::GetAtt": [
            "HelloWorkflowRoleA25ED20D",
            "Arn"
          ]
        }
      },
      "DependsOn": [
        "HelloWorkflowRoleDefaultPolicy386F5D69",
        "HelloWorkflowRoleA25ED20D"
      ],
      "UpdateReplacePolicy": "Delete",
      "DeletionPolicy": "Delete"
    }
  },
  "Parameters": {
    "BootstrapVersion": {
      "Type": "AWS::SSM::Parameter::Value<String>",
      "Default": "/cdk-bootstrap/hnb659fds/version",
      "Description": "Version of the CDK Bootstrap resources in this environment, automatically retrieved from SSM Parameter Store. [cdk:skip]"
    }
  },
  "Rules": {
    "CheckBootstrapVersion": {
      "Assertions": [
        {
          "Assert": {
            "Fn::Not": [
              {
                "Fn::Contains": [
                  [
                    "1",
                    "2",
                    "3",
                    "4",
                    "5"
                  ],
                  {
                    "Ref": "BootstrapVersion"
                  }
                ]
              }
            ]
          },
          "AssertDescription": "CDK bootstrap stack version 6 required. Please run 'cdk bootstrap' with a recent version of the CDK CLI."
        }
      ]
    }
  }
}