{
  "Resources": {
    "LambdaWithOptionssayHelloLambdaServiceRole267242E1": {
      "Type": "AWS::IAM::Role",
      "Properties": {
        "AssumeRolePolicyDocument": {
          "Statement": [
            {
              "Action": "sts:AssumeRole",
              "Effect": "Allow",
              "Principal": {
                "Service": "lambda.amazonaws.com"
              }
            }
          ],
          "Version": "2012-10-17"
        },
        "ManagedPolicyArns": [
          {
            "Fn::Join": [
              "",
              [
                "arn:",
                {
                  "Ref": "AWS::Partition"
                },
                ":iam::aws:policy/service-role/AWSLambdaBasicExecutionRole"
              ]
            ]
          }
        ]
      }
    },
    "LambdaWithOptionssayHelloLambdaC2712BAC": {
      "Type": "AWS::Lambda::Function",
      "Properties": {
        "Code": {
          "ZipFile": "return `Hello, ${name}`;"
        },
        "Description": "A simple lambda function that greets a user by name",
        "FunctionName": "sayHello",
        "Handler": "index.handler",
        "MemorySize": 128,
        "Role": {
          "Fn::GetAtt": [
            "LambdaWithOptionssayHelloLambdaServiceRole267242E1",
            "Arn"
          ]
        },
        "Runtime": "nodejs20.x",
        "Timeout": 5
      },
      "DependsOn": [
        "LambdaWithOptionssayHelloLambdaServiceRole267242E1"
      ]
    },
    "LambdaWithOptionsHelloWorkflowRole44EBE198": {
      "Type": "AWS::IAM::Role",
      "Properties": {
        "AssumeRolePolicyDocument": {
          "Statement": [
            {
              "Action": "sts:AssumeRole",
              "Effect": "Allow",
              "Principal": {
                "Service": "states.amazonaws.com"
              }
            }
          ],
          "Version": "2012-10-17"
        }
      }
    },
    "LambdaWithOptionsHelloWorkflowRoleDefaultPolicyD69F5648": {
      "Type": "AWS::IAM::Policy",
      "Properties": {
        "PolicyDocument": {
          "Statement": [
            {
              "Action": "lambda:InvokeFunction",
              "Effect": "Allow",
              "Resource": [
                {
                  "Fn::GetAtt": [
                    "LambdaWithOptionssayHelloLambdaC2712BAC",
                    "Arn"
                  ]
                },
                {
                  "Fn::Join": [
                    "",
                    [
                      {
                        "Fn::GetAtt": [
                          "LambdaWithOptionssayHelloLambdaC2712BAC",
                          "Arn"
                        ]
                      },
                      ":*"
                    ]
                  ]
                }
              ]
            }
          ],
          "Version": "2012-10-17"
        },
        "PolicyName": "LambdaWithOptionsHelloWorkflowRoleDefaultPolicyD69F5648",
        "Roles": [
          {
            "Ref": "LambdaWithOptionsHelloWorkflowRole44EBE198"
          }
        ]
      }
    },
    "LambdaWithOptionsHelloWorkflowEF774C47": {
      "Type": "AWS::StepFunctions::StateMachine",
      "Properties": {
        "DefinitionString": {
          "Fn::Join": [
            "",
            [
              "{\"StartAt\":\"sayHello\",\"States\":{\"sayHello\":{\"End\":true,\"Retry\":[{\"ErrorEquals\":[\"Lambda.ClientExecutionTimeoutException\",\"Lambda.ServiceException\",\"Lambda.AWSLambdaException\",\"Lambda.SdkClientException\"],\"IntervalSeconds\":2,\"MaxAttempts\":6,\"BackoffRate\":2}],\"Type\":\"Task\",\"InputPath\":\"$\",\"OutputPath\":\"$.Payload\",\"Resource\":\"arn:",
              {
                "Ref": "AWS::Partition"
              },
              ":states:::lambda:invoke\",\"Parameters\":{\"FunctionName\":\"",
              {
                "Fn::GetAtt": [
                  "LambdaWithOptionssayHelloLambdaC2712BAC",
                  "Arn"
                ]
              },
              "\",\"Payload.$\":\"$\"}}}}"
            ]
          ]
        },
        "RoleArn": {
          "Fn::GetAtt": [
            "LambdaWithOptionsHelloWorkflowRole44EBE198",
            "Arn"
          ]
        }
      },
      "DependsOn": [
        "LambdaWithOptionsHelloWorkflowRoleDefaultPolicyD69F5648",
        "LambdaWithOptionsHelloWorkflowRole44EBE198"
      ],
      "UpdateReplacePolicy": "Delete",
      "DeletionPolicy": "Delete"
    }
  },
  "Parameters": {
    "BootstrapVersion": {
      "Type": "AWS::SSM::Parameter::Value<String>",
      "Default": "/cdk-bootstrap/hnb659fds/version",
      "Description": "Version of the CDK Bootstrap resources in this environment, automatically retrieved from SSM Parameter Store. [cdk:skip]"
    }
  },
  "Rules": {
    "CheckBootstrapVersion": {
      "Assertions": [
        {
          "Assert": {
            "Fn::Not": [
              {
                "Fn::Contains": [
                  [
                    "1",
                    "2",
                    "3",
                    "4",
                    "5"
                  ],
                  {
                    "Ref": "BootstrapVersion"
                  }
                ]
              }
            ]
          },
          "AssertDescription": "CDK bootstrap stack version 6 required. Please run 'cdk bootstrap' with a recent version of the CDK CLI."
        }
      ]
    }
  }
}